py4DSTEM same gd df200-s1: 1.7s; checks {"positions_max_abs_delta_px": 0.0, "amplitudes_max_abs_delta": 0.0, "amplitudes_max": 2416.371337890625, "probe_max_abs_delta": 0.0, "probe_max_abs": 133.98228454589844, "object_shape": [112, 112], "mean_diffraction_intensity": 4096000000.0, "com_fitted_mean_rowcol": [0.0, 0.0], "com_fitted_ptp_rowcol": [0.0, 0.0]}
  errors ['0.00518111', '0.0033803', '0.00215467', '0.00149788', '0.00111099', '0.000863118', '0.000693197', '0.000570398', '0.000477851', '0.000405761', '0.000348203', '0.000301384', '0.000262916', '0.000231117', '0.000204675', '0.000182583', '0.000164032', '0.000148372', '0.000135074', '0.000123724', '0.000113971', '0.000105531', '9.81789e-05', '9.17308e-05', '8.60367e-05', '8.09754e-05', '7.64464e-05', '7.23697e-05', '6.86814e-05', '6.5328e-05', '6.22671e-05', '5.94613e-05']
  it  1: pearson 0.8898 rms 0.0843 shift ['0.004', '0.007'] amp_rms 0.0070
  it  2: pearson 0.8991 rms 0.0709 shift ['0.007', '0.007'] amp_rms 0.0115
  it  4: pearson 0.9164 rms 0.0535 shift ['0.006', '0.008'] amp_rms 0.0150
  it  8: pearson 0.9399 rms 0.0380 shift ['0.003', '0.007'] amp_rms 0.0155
  it 16: pearson 0.9643 rms 0.0272 shift ['-0.001', '0.005'] amp_rms 0.0127
  it 32: pearson 0.9833 rms 0.0182 shift ['-0.003', '0.003'] amp_rms 0.0096
py4DSTEM same dm df200-s1: 1.8s; checks {"positions_max_abs_delta_px": 0.0, "amplitudes_max_abs_delta": 0.0, "amplitudes_max": 2416.371337890625, "probe_max_abs_delta": 0.0, "probe_max_abs": 133.98228454589844, "object_shape": [112, 112], "mean_diffraction_intensity": 4096000000.0, "com_fitted_mean_rowcol": [0.0, 0.0], "com_fitted_ptp_rowcol": [0.0, 0.0]}
  errors ['0.00518111', '0.275434', '0.180122', '0.517885', '0.335468', '0.484964', '0.395656', '0.409893', '0.346321', '0.398276', '0.325977', '1.21238', '0.84154', '3.45302', '4.36458', '9.70873', '19.8483', '46.2065', '115.995', '313.541', '893.575', '2648.22', '8063', '24908', '77689.1', '244814', '777339', '2.48066e+06', '7.94928e+06', '2.55436e+07', '8.21498e+07', '2.64654e+08']
  it  1: pearson 0.8998 rms 0.0658 shift ['0.001', '0.003'] amp_rms 0.2078
  it  2: pearson 0.5765 rms 0.0873 shift ['0.059', '0.028'] amp_rms 0.1385
  it  4: pearson 0.2568 rms 0.1949 shift ['0.118', '-0.302'] amp_rms 0.3849
  it  8: pearson 0.0468 rms 1.7625 shift ['-4.835', '0.155'] amp_rms 0.9629
  it 16: pearson 0.0886 rms 1.9463 shift ['-0.693', '3.437'] amp_rms 0.9592
  it 32: pearson 0.0391 rms 1.8905 shift ['0.525', '-7.027'] amp_rms 0.9713
dump: Gradient descent clamp true probe fixture 1.0 s; errors ["0.00518111", "0.00335847", "0.00214633", "0.00149765", "0.00111523", "0.000869915", "0.000700894", "0.000577803", "0.000484215", "0.000410856", "0.000352123", "0.000304378", "0.000265208", "0.000232835", "0.000205923", "0.000183441", "0.000164582", "0.000148675", "0.00013519", "0.000123685", "0.000113814", "0.000105289", "9.7878e-05", "9.13915e-05", "8.56759e-05", "8.06073e-05", "7.60857e-05", "7.20259e-05", "6.83612e-05", "6.50361e-05", "6.20045e-05", "5.92288e-05"]
dump: Gradient descent clamp false probe fixture 1.0 s; errors ["0.00518111", "0.00326195", "0.00203495", "0.00142053", "0.00107663", "0.000861332", "0.000713237", "0.000603696", "0.000518257", "0.000449212", "0.000392242", "0.000344581", "0.000304388", "0.000270371", "0.000241478", "0.000216817", "0.000195648", "0.000177408", "0.000161638", "0.000147947", "0.000136002", "0.000125532", "0.000116322", "0.000108187", "0.000100969", "9.45374e-05", "8.87844e-05", "8.36177e-05", "7.89589e-05", "7.47405e-05", "7.09064e-05", "6.74093e-05"]
dump: DM / AP clamp true probe fixture 1.5 s; errors ["0.00518111", "0.27526", "0.177768", "0.515401", "0.32632", "0.488986", "0.391113", "0.399297", "0.346413", "0.388014", "0.331649", "1.53575", "1.01846", "3.84608", "5.18826", "11.4118", "23.6672", "55.32", "139.871", "378.982", "1079.84", "3186.3", "9657.26", "29837.7", "93412.2", "295232", "937371", "2.99297e+06", "9.58196e+06", "3.07759e+07", "9.91589e+07", "3.20056e+08"]
dump: DM / AP clamp false probe fixture 1.5 s; errors ["0.00518111", "0.275253", "0.239167", "0.596322", "0.358758", "0.359962", "0.567005", "0.42897", "0.805066", "0.710423", "5.07609", "4.60914", "18.4536", "40.2053", "156.024", "597.519", "2896.4", "14818.8", "82002.9", "468410", "2.75673e+06", "1.6529e+07", "1.00741e+08", "6.22283e+08", "3.89175e+09", "2.46199e+10", "1.57468e+11", "1.01781e+12", "6.6454e+12", "4.38071e+13", "2.91399e+14", "1.95461e+15"]
dump: Gradient descent clamp true probe app 1.1 s; errors ["0.00518111", "0.00333591", "0.00213963", "0.00149782", "0.00111911", "0.000876006", "0.000707921", "0.000584726", "0.000490338", "0.000415902", "0.000356121", "0.000307608", "0.000267905", "0.000235168", "0.000208053", "0.000185447", "0.000166494", "0.00015053", "0.000136993", "0.000125438", "0.000115503", "0.000106904", "9.94176e-05", "9.28564e-05", "8.70698e-05", "8.19342e-05", "7.73471e-05", "7.32256e-05", "6.95013e-05", "6.61191e-05", "6.30335e-05", "6.02078e-05"]
dump: DM / AP clamp true probe app 1.5 s; errors ["0.00518111", "0.27507", "0.176355", "0.519599", "0.320523", "0.48955", "0.388852", "0.395677", "0.345765", "0.379878", "0.331813", "1.21421", "0.829419", "3.50893", "4.2661", "9.57745", "19.1096", "43.6736", "106.875", "283.319", "789.228", "2289.89", "6843.19", "20750.7", "64061.8", "199346", "625471", "1.97156e+06", "6.2334e+06", "1.97977e+07", "6.30086e+07", "2.01173e+08"]
dump: Gradient descent clamp true probe app-neg 1.0 s; errors ["0.00518111", "0.00430304", "0.00376572", "0.00354784", "0.0034507", "0.0034005", "0.00336992", "0.00334844", "0.00333175", "0.00331789", "0.0033059", "0.00329527", "0.00328565", "0.00327684", "0.0032687", "0.00326114", "0.00325406", "0.00324741", "0.00324113", "0.00323517", "0.00322952", "0.00322412", "0.00321897", "0.00321402", "0.00320928", "0.00320471", "0.0032003", "0.00319605", "0.00319195", "0.00318798", "0.00318413", "0.00318039"]
dump: DM / AP clamp true probe app-neg 1.5 s; errors ["0.00518111", "0.280026", "0.188507", "0.518835", "0.36263", "0.463385", "0.410358", "0.38721", "0.355636", "0.420823", "0.329147", "0.39722", "0.345364", "2.02932", "1.01777", "5.89802", "7.34845", "18.5233", "40.9266", "104.589", "279.558", "795.745", "2356.07", "7153.74", "22102.4", "69018.1", "217319", "688502", "2.19008e+06", "7.00943e+06", "2.25854e+07", "7.2994e+07"]
py4DSTEM same gd df400-s1: 1.8s; checks {"positions_max_abs_delta_px": 0.0, "amplitudes_max_abs_delta": 0.0, "amplitudes_max": 2648.74462890625, "probe_max_abs_delta": 0.0, "probe_max_abs": 66.48369598388672, "object_shape": [112, 112], "mean_diffraction_intensity": 4096000000.0, "com_fitted_mean_rowcol": [0.0, 0.0], "com_fitted_ptp_rowcol": [0.0, 0.0]}
  errors ['0.00526563', '0.00331555', '0.00212552', '0.00150401', '0.0011384', '0.000898623', '0.00072758', '0.000598298', '0.000496975', '0.000415791', '0.000349792', '0.000295635', '0.000250972', '0.000214053', '0.000183561', '0.00015842', '0.000137704', '0.000120646', '0.000106574', '9.49235e-05', '8.52345e-05', '7.71253e-05', '7.02832e-05', '6.44606e-05', '5.94599e-05', '5.51268e-05', '5.13402e-05', '4.80019e-05', '4.50334e-05', '4.23777e-05', '3.99885e-05', '3.7828e-05']
  it  1: pearson 0.8791 rms 0.0823 shift ['-0.012', '0.033'] amp_rms 0.0068
  it  2: pearson 0.9010 rms 0.0685 shift ['-0.011', '0.031'] amp_rms 0.0105
  it  4: pearson 0.9263 rms 0.0510 shift ['-0.011', '0.027'] amp_rms 0.0134
  it  8: pearson 0.9520 rms 0.0347 shift ['-0.011', '0.022'] amp_rms 0.0143
  it 16: pearson 0.9707 rms 0.0243 shift ['-0.008', '0.016'] amp_rms 0.0125
  it 32: pearson 0.9849 rms 0.0171 shift ['-0.003', '0.012'] amp_rms 0.0101
py4DSTEM same dm df400-s1: 1.8s; checks {"positions_max_abs_delta_px": 0.0, "amplitudes_max_abs_delta": 0.0, "amplitudes_max": 2648.74462890625, "probe_max_abs_delta": 0.0, "probe_max_abs": 66.48369598388672, "object_shape": [112, 112], "mean_diffraction_intensity": 4096000000.0, "com_fitted_mean_rowcol": [0.0, 0.0], "com_fitted_ptp_rowcol": [0.0, 0.0]}
  errors ['0.00526563', '0.265797', '0.263407', '0.251103', '0.238101', '0.223837', '0.236276', '0.257585', '0.283305', '0.36939', '0.417875', '0.426816', '0.35185', '0.379017', '0.417869', '0.342201', '0.370278', '0.333251', '0.413765', '0.359669', '1.93537', '0.924082', '6.53186', '9.69527', '29.4198', '80.4861', '257.734', '869.73', '3078.31', '11212.1', '41064.3', '151601']
  it  1: pearson 0.8971 rms 0.0608 shift ['-0.011', '0.018'] amp_rms 0.2314
  it  2: pearson 0.2520 rms 0.2482 shift ['0.170', '0.276'] amp_rms 0.2471
  it  4: pearson 0.3311 rms 0.2125 shift ['0.319', '-0.008'] amp_rms 0.3201
  it  8: pearson 0.2113 rms 0.2283 shift ['-0.743', '-0.172'] amp_rms 0.3766
  it 16: pearson -0.0411 rms 1.6790 shift ['1.145', '5.984'] amp_rms 0.9315
  it 32: pearson 0.0205 rms 1.7488 shift ['-29.143', '-3.623'] amp_rms 0.9785
dump: Gradient descent clamp true probe fixture 1.1 s; errors ["0.00526563", "0.00332241", "0.00212445", "0.00149872", "0.00113255", "0.00089381", "0.000724224", "0.000596276", "0.000495961", "0.000415495", "0.000350037", "0.000296361", "0.00025208", "0.000215415", "0.000185038", "0.000159843", "0.000138973", "0.000121685", "0.00010736", "9.54712e-05", "8.55712e-05", "7.72869e-05", "7.03071e-05", "6.43757e-05", "5.92932e-05", "5.49008e-05", "5.10708e-05", "4.77051e-05", "4.47252e-05", "4.20681e-05", "3.96817e-05", "3.7527e-05"]
dump: Gradient descent clamp false probe fixture 1.0 s; errors ["0.00526563", "0.00322023", "0.00201246", "0.00142118", "0.00109164", "0.000881462", "0.000732246", "0.000618306", "0.000527087", "0.000451988", "0.000389183", "0.000336242", "0.000291459", "0.000253475", "0.00022125", "0.000193942", "0.000170801", "0.000151199", "0.000134589", "0.0001205", "0.000108515", "9.82712e-05", "8.94691e-05", "8.18604e-05", "7.52523e-05", "6.94756e-05", "6.43891e-05", "5.98838e-05", "5.58697e-05", "5.22748e-05", "4.90431e-05", "4.61225e-05"]
dump: DM / AP clamp true probe fixture 1.5 s; errors ["0.00526563", "0.265806", "0.262083", "0.24949", "0.236596", "0.219885", "0.237256", "0.257942", "0.287", "0.367312", "0.417908", "0.425386", "0.352716", "0.378296", "0.423507", "0.340278", "0.37631", "0.329225", "0.407659", "0.3553", "1.86314", "0.934851", "6.46862", "9.85634", "30.7148", "86.5208", "284.166", "992.4", "3611.36", "13393.5", "49369.5", "183080"]
dump: DM / AP clamp false probe fixture 1.5 s; errors ["0.00526563", "0.265772", "0.281688", "0.441235", "0.365503", "0.501115", "0.288742", "0.388077", "0.27352", "0.360576", "0.385972", "0.386618", "12.3052", "7.17626", "66.0541", "181.733", "1075.12", "5197.06", "30179.3", "172350", "1.03645e+06", "6.30382e+06", "3.90711e+07", "2.45394e+08", "1.56097e+09", "1.0034e+10", "6.50877e+10", "4.25368e+11", "2.79682e+12", "1.84762e+13", "1.2249e+14", "8.14104e+14"]
dump: Gradient descent clamp true probe app 1.1 s; errors ["0.00526563", "0.00331623", "0.00212222", "0.00149821", "0.00113267", "0.000893911", "0.000724027", "0.000595745", "0.00049535", "0.000415091", "0.000350001", "0.000296679", "0.000252734", "0.000216349", "0.000186115", "0.000161017", "0.000140184", "0.000122882", "0.000108495", "9.65138e-05", "8.65138e-05", "7.81213e-05", "7.10381e-05", "6.50218e-05", "5.98764e-05", "5.54463e-05", "5.16026e-05", "4.824e-05", "4.52757e-05", "4.26455e-05", "4.0295e-05", "3.81794e-05"]
dump: DM / AP clamp true probe app 1.5 s; errors ["0.00526563", "0.265812", "0.261248", "0.249431", "0.236156", "0.219354", "0.240038", "0.249786", "0.298841", "0.357493", "0.426411", "0.420088", "0.356949", "0.37443", "0.421105", "0.337213", "0.376251", "0.326895", "0.391888", "0.336839", "1.13336", "0.589784", "7.45147", "6.27654", "21.8494", "44.0409", "126.831", "347.665", "1061.1", "3338.08", "10927.5", "36318.1"]
dump: Gradient descent clamp true probe app-neg 1.1 s; errors ["0.00526563", "0.00460331", "0.00416188", "0.00400587", "0.00394845", "0.00392529", "0.00391442", "0.00390822", "0.00390394", "0.00390056", "0.00389769", "0.00389514", "0.00389283", "0.00389071", "0.00388874", "0.0038869", "0.00388518", "0.00388355", "0.00388201", "0.00388055", "0.00387915", "0.00387781", "0.00387653", "0.0038753", "0.00387411", "0.00387296", "0.00387185", "0.00387077", "0.00386973", "0.00386872", "0.00386773", "0.00386676"]
dump: DM / AP clamp true probe app-neg 1.5 s; errors ["0.00526563", "0.271962", "0.271498", "0.285154", "0.272028", "0.267104", "0.284478", "0.312887", "0.332995", "0.415035", "0.399143", "0.362651", "0.367176", "0.404018", "0.341154", "0.664329", "0.50126", "1.17159", "1.02543", "1.9838", "2.51909", "4.40024", "7.75039", "14.9427", "32.8509", "75.1339", "187.452", "496.791", "1388.54", "4028.88", "12110.5", "37315.9"]
py4DSTEM same gd df600-s1: 1.7s; checks {"positions_max_abs_delta_px": 0.0, "amplitudes_max_abs_delta": 0.0, "amplitudes_max": 2576.2998046875, "probe_max_abs_delta": 0.0, "probe_max_abs": 52.280879974365234, "object_shape": [112, 112], "mean_diffraction_intensity": 4096000000.0, "com_fitted_mean_rowcol": [0.0, 0.0], "com_fitted_ptp_rowcol": [0.0, 0.0]}
  errors ['0.00478365', '0.00306462', '0.00201922', '0.0014611', '0.00112692', '0.000904616', '0.000743941', '0.000620773', '0.000522717', '0.000442752', '0.000376538', '0.000321183', '0.000274607', '0.000235317', '0.000202062', '0.000173896', '0.000150054', '0.000129944', '0.000113036', '9.8873e-05', '8.70509e-05', '7.71979e-05', '6.89884e-05', '6.21366e-05', '5.63982e-05', '5.15687e-05', '4.74755e-05', '4.39804e-05', '4.09719e-05', '3.83592e-05', '3.60715e-05', '3.40521e-05']
  it  1: pearson 0.8586 rms 0.0832 shift ['0.002', '0.053'] amp_rms 0.0059
  it  2: pearson 0.8851 rms 0.0707 shift ['0.004', '0.047'] amp_rms 0.0092
  it  4: pearson 0.9148 rms 0.0544 shift ['0.005', '0.040'] amp_rms 0.0123
  it  8: pearson 0.9460 rms 0.0378 shift ['0.004', '0.030'] amp_rms 0.0141
  it 16: pearson 0.9696 rms 0.0252 shift ['0.004', '0.020'] amp_rms 0.0134
  it 32: pearson 0.9841 rms 0.0176 shift ['0.003', '0.012'] amp_rms 0.0108
py4DSTEM same dm df600-s1: 1.8s; checks {"positions_max_abs_delta_px": 0.0, "amplitudes_max_abs_delta": 0.0, "amplitudes_max": 2576.2998046875, "probe_max_abs_delta": 0.0, "probe_max_abs": 52.280879974365234, "object_shape": [112, 112], "mean_diffraction_intensity": 4096000000.0, "com_fitted_mean_rowcol": [0.0, 0.0], "com_fitted_ptp_rowcol": [0.0, 0.0]}
  errors ['0.00478365', '0.325413', '0.368469', '0.276645', '0.36522', '0.300082', '0.40407', '0.316364', '0.353828', '0.356413', '0.357694', '0.680166', '0.445383', '1.58089', '1.57363', '3.89907', '6.31529', '14.1532', '30.6677', '72.748', '182.039', '478.846', '1308.11', '3711.71', '10792.1', '32111.3', '97345.8', '298179', '926509', '2.89031e+06', '9.13233e+06', '2.91412e+07']
  it  1: pearson 0.8828 rms 0.0600 shift ['-0.006', '0.037'] amp_rms 0.2972
  it  2: pearson 0.1533 rms 0.4392 shift ['0.063', '0.110'] amp_rms 0.3304
  it  4: pearson 0.1797 rms 0.4059 shift ['-0.012', '-0.039'] amp_rms 0.4553
  it  8: pearson 0.0275 rms 1.0264 shift ['6.589', '-7.139'] amp_rms 0.8932
  it 16: pearson 0.0324 rms 1.6726 shift ['-18.856', '-21.031'] amp_rms 0.9480
  it 32: pearson 0.0059 rms 1.8290 shift ['-14.097', '13.132'] amp_rms 0.9545
dump: Gradient descent clamp true probe fixture 1.0 s; errors ["0.00478364", "0.00306083", "0.00202183", "0.0014663", "0.00113268", "0.000910269", "0.000749033", "0.000625079", "0.00052619", "0.000445397", "0.000378439", "0.00032251", "0.000275595", "0.000236126", "0.000202858", "0.00017478", "0.0001511", "0.000131126", "0.000114306", "0.000100173", "8.83299e-05", "7.84198e-05", "7.01401e-05", "6.3212e-05", "5.73956e-05", "5.24843e-05", "4.83139e-05", "4.47475e-05", "4.16734e-05", "3.90019e-05", "3.66612e-05", "3.45939e-05"]
dump: Gradient descent clamp false probe fixture 1.0 s; errors ["0.00478364", "0.00297767", "0.00192394", "0.00138821", "0.0010803", "0.000880614", "0.000737622", "0.000627808", "0.000539432", "0.000466207", "0.000404427", "0.00035179", "0.000306704", "0.000267901", "0.000234426", "0.000205569", "0.000180684", "0.000159245", "0.000140792", "0.000124922", "0.000111297", "9.96305e-05", "8.96596e-05", "8.11414e-05", "7.38523e-05", "6.75995e-05", "6.22166e-05", "5.75595e-05", "5.35065e-05", "4.99589e-05", "4.6831e-05", "4.40541e-05"]
dump: DM / AP clamp true probe fixture 1.5 s; errors ["0.00478364", "0.325425", "0.368362", "0.276758", "0.365054", "0.300495", "0.404539", "0.315043", "0.354693", "0.364029", "0.360095", "0.700909", "0.415392", "1.64368", "1.56224", "4.35724", "6.9782", "16.2214", "35.8068", "87.58", "224.289", "603.065", "1684.42", "4879.86", "14590.8", "44358.2", "136300", "421957", "1.3186e+06", "4.17806e+06", "1.33237e+07", "4.28949e+07"]
dump: DM / AP clamp false probe fixture 1.5 s; errors ["0.00478364", "0.325259", "0.369756", "0.377447", "0.348889", "0.377461", "0.341554", "0.314984", "0.336777", "0.308227", "0.332839", "0.31404", "0.330148", "0.344416", "0.348097", "0.490559", "0.45888", "21.1196", "15.5544", "111.895", "324.54", "1784.26", "8485.77", "47727.3", "268022", "1.58639e+06", "9.5621e+06", "5.90716e+07", "3.70934e+08", "2.36538e+09", "1.52732e+10", "9.9718e+10"]
dump: Gradient descent clamp true probe app 1.1 s; errors ["0.00478364", "0.00305258", "0.00202197", "0.00147091", "0.00113966", "0.000918145", "0.000757211", "0.000633281", "0.000533955", "0.000452549", "0.000384916", "0.000328222", "0.000280556", "0.000240399", "0.000206516", "0.0001779", "0.000153704", "0.000133273", "0.000116082", "0.000101674", "8.96218e-05", "7.95585e-05", "7.11452e-05", "6.40983e-05", "5.81737e-05", "5.31706e-05", "4.89196e-05", "4.52807e-05", "4.21414e-05", "3.94133e-05", "3.70235e-05", "3.49133e-05"]
dump: DM / AP clamp true probe app 1.5 s; errors ["0.00478364", "0.325398", "0.369097", "0.279929", "0.370131", "0.308781", "0.402034", "0.30354", "0.361332", "0.367419", "0.361148", "0.540888", "0.316984", "1.31849", "0.679487", "6.78378", "8.06797", "25.3655", "58.0336", "161.251", "450.202", "1336.56", "4079.19", "12701.4", "40012.3", "127256", "408656", "1.31911e+06", "4.28052e+06", "1.39728e+07", "4.58607e+07", "1.51082e+08"]
dump: Gradient descent clamp true probe app-neg 1.1 s; errors ["0.00478364", "0.00422971", "0.0038408", "0.00370088", "0.0036493", "0.0036288", "0.0036196", "0.00361471", "0.00361161", "0.00360935", "0.00360754", "0.00360601", "0.00360468", "0.00360349", "0.00360241", "0.00360143", "0.00360052", "0.00359967", "0.00359888", "0.00359813", "0.00359742", "0.00359675", "0.00359611", "0.0035955", "0.00359491", "0.00359434", "0.00359379", "0.00359326", "0.00359274", "0.00359224", "0.00359175", "0.00359128"]
dump: DM / AP clamp true probe app-neg 1.5 s; errors ["0.00478364", "0.330899", "0.377152", "0.297117", "0.375714", "0.320644", "0.360672", "0.304405", "0.347936", "0.300283", "0.350954", "0.31061", "0.58222", "0.457031", "1.47127", "1.22849", "3.39194", "4.51881", "9.94979", "19.3382", "43.0758", "100.691", "251.991", "664.424", "1827.5", "5245.75", "15481.9", "46851.4", "143624", "448770", "1.41659e+06", "4.53003e+06"]
