  errors ['0.00526563', '0.00331555', '0.00212552', '0.00150401', '0.0011384', '0.000898623', '0.00072758', '0.000598298', '0.000496975', '0.000415791', '0.000349792', '0.000295635', '0.000250972', '0.000214053', '0.000183561', '0.00015842', '0.000137704', '0.000120646', '0.000106574', '9.49235e-05', '8.52345e-05', '7.71253e-05', '7.02832e-05', '6.44606e-05', '5.94599e-05', '5.51268e-05', '5.13401e-05', '4.80019e-05', '4.50334e-05', '4.23777e-05', '3.99885e-05', '3.7828e-05']
  it  1: pearson 0.8791 rms 0.0823 shift ['-0.012', '0.033'] amp_rms 0.0068
  it  2: pearson 0.9010 rms 0.0685 shift ['-0.011', '0.031'] amp_rms 0.0105
  it  4: pearson 0.9263 rms 0.0510 shift ['-0.011', '0.027'] amp_rms 0.0134
  it  8: pearson 0.9520 rms 0.0347 shift ['-0.011', '0.022'] amp_rms 0.0143
  it 16: pearson 0.9707 rms 0.0243 shift ['-0.008', '0.016'] amp_rms 0.0125
  it 32: pearson 0.9849 rms 0.0171 shift ['-0.003', '0.012'] amp_rms 0.0101
  errors ['0.00526563', '0.265797', '0.263407', '0.251103', '0.238101', '0.223837', '0.236276', '0.257585', '0.283305', '0.36939', '0.417876', '0.426815', '0.35185', '0.379017', '0.417867', '0.342201', '0.370277', '0.333251', '0.41378', '0.359678', '1.93623', '0.924796', '6.53253', '9.69963', '29.4285', '80.5141', '257.825', '870.018', '3079.23', '11215.4', '41074.7', '151638']
  it  1: pearson 0.8971 rms 0.0608 shift ['-0.011', '0.018'] amp_rms 0.2314
  it  2: pearson 0.2520 rms 0.2482 shift ['0.170', '0.276'] amp_rms 0.2471
  it  4: pearson 0.3311 rms 0.2125 shift ['0.319', '-0.008'] amp_rms 0.3201
  it  8: pearson 0.2113 rms 0.2283 shift ['-0.743', '-0.172'] amp_rms 0.3766
  it 16: pearson -0.0411 rms 1.6790 shift ['1.144', '5.984'] amp_rms 0.9315
  it 32: pearson 0.0210 rms 1.7484 shift ['-29.142', '-3.623'] amp_rms 0.9785
  errors ['0.00526563', '0.0394582', '0.0493714', '0.0614644', '0.0638881', '0.0747543', '0.0777277', '0.0846493', '0.0893873', '0.0960529', '0.103605', '0.112259', '0.120885', '0.131423', '0.140753', '0.151719', '0.161669', '0.172218', '0.182563', '0.193019', '0.204051', '0.214723', '0.225885', '0.236501', '0.247909', '0.257388', '0.268721', '0.277679', '0.288428', '0.295933', '0.306248', '0.311396']
  it  1: pearson 0.8971 rms 0.0608 shift ['-0.011', '0.018'] amp_rms 0.0000
  it  2: pearson 0.9334 rms 0.0363 shift ['-0.008', '0.018'] amp_rms 0.0198
  it  4: pearson 0.9683 rms 0.0242 shift ['0.010', '0.019'] amp_rms 0.0189
  it  8: pearson 0.9699 rms 0.0239 shift ['-0.007', '0.014'] amp_rms 0.0079
  it 16: pearson 0.9640 rms 0.0266 shift ['-0.002', '0.015'] amp_rms 0.0127
  it 32: pearson 0.3487 rms 0.1269 shift ['-0.059', '0.230'] amp_rms 0.0221
py4DSTEM own gd df400-s1: 1.7s; checks {"positions_max_abs_delta_px": 0.0, "amplitudes_max_abs_delta": 113.49958801269531, "amplitudes_max": 2648.74462890625, "probe_max_abs_delta": 3.814697265625e-06, "probe_max_abs": 66.48369598388672, "object_shape": [112, 112], "mean_diffraction_intensity": 4096000000.0, "com_fitted_mean_rowcol": [31.99827003479004, 31.99513053894043], "com_fitted_ptp_rowcol": [0.014513015747070312, 0.026830673217773438]}
  it  1: pearson 0.8790 rms 0.0823 shift ['-0.015', '0.030'] amp_rms 0.0068
  it  2: pearson 0.9011 rms 0.0684 shift ['-0.014', '0.028'] amp_rms 0.0105
  it  4: pearson 0.9264 rms 0.0509 shift ['-0.014', '0.024'] amp_rms 0.0134
  it  8: pearson 0.9520 rms 0.0346 shift ['-0.013', '0.019'] amp_rms 0.0142
  it 16: pearson 0.9707 rms 0.0243 shift ['-0.009', '0.014'] amp_rms 0.0125
  it 32: pearson 0.9848 rms 0.0171 shift ['-0.004', '0.010'] amp_rms 0.0100
py4DSTEM own dm df400-s1: 1.8s; checks {"positions_max_abs_delta_px": 0.0, "amplitudes_max_abs_delta": 113.49958801269531, "amplitudes_max": 2648.74462890625, "probe_max_abs_delta": 3.814697265625e-06, "probe_max_abs": 66.48369598388672, "object_shape": [112, 112], "mean_diffraction_intensity": 4096000000.0, "com_fitted_mean_rowcol": [31.99827003479004, 31.99513053894043], "com_fitted_ptp_rowcol": [0.014513015747070312, 0.026830673217773438]}
  it  1: pearson 0.8971 rms 0.0608 shift ['-0.015', '0.015'] amp_rms 0.2314
  it  2: pearson 0.2517 rms 0.2479 shift ['0.158', '0.272'] amp_rms 0.2470
  it  4: pearson 0.3316 rms 0.2116 shift ['0.327', '-0.007'] amp_rms 0.3198
  it  8: pearson 0.2101 rms 0.2312 shift ['-0.766', '-0.175'] amp_rms 0.3762
  it 16: pearson 0.0022 rms 1.6454 shift ['-0.076', '7.031'] amp_rms 0.9298
  it 32: pearson -0.0175 rms 1.6804 shift ['4.508', '-15.102'] amp_rms 0.9682
py4DSTEM own dm df400-s1: 1.9s; checks {"positions_max_abs_delta_px": 0.0, "amplitudes_max_abs_delta": 113.49958801269531, "amplitudes_max": 2648.74462890625, "probe_max_abs_delta": 3.814697265625e-06, "probe_max_abs": 66.48369598388672, "object_shape": [112, 112], "mean_diffraction_intensity": 4096000000.0, "com_fitted_mean_rowcol": [31.99827003479004, 31.99513053894043], "com_fitted_ptp_rowcol": [0.014513015747070312, 0.026830673217773438]}
  it  1: pearson 0.8971 rms 0.0608 shift ['-0.015', '0.015'] amp_rms 0.0000
  it  2: pearson 0.9332 rms 0.0363 shift ['-0.010', '0.015'] amp_rms 0.0199
  it  4: pearson 0.9682 rms 0.0243 shift ['0.010', '0.017'] amp_rms 0.0190
  it  8: pearson 0.9702 rms 0.0238 shift ['-0.007', '0.011'] amp_rms 0.0081
  it 16: pearson 0.9586 rms 0.0281 shift ['-0.002', '0.012'] amp_rms 0.0125
  it 32: pearson 0.3551 rms 0.1257 shift ['-0.062', '0.228'] amp_rms 0.0213
