=== fixture  scan 12x12  det 64x64  path /demo/data
   r 6.9294  bin 7  V1 half-width 7 (side 15)  V2 half-width 12 (side 25)  stats pass 0.1s
   total 0.3s  peak footprint 93 MB  G CPU 0.0s (9.1 us/pattern all cores)  tile 12 rows x 12 = 144 patterns
   TIME us/pattern  coarse-only: V0 7.678  V1 18.207 (2.37x)  V2 15.954 (2.08x) | whole kernel: V0 7.950  V1 18.720 (2.35x)  V2 12.465 (1.57x)
   MISS V0 vs G: raw seed >1px 144/144 (100.00%)  refined >1px 0/144 (0.00%; 0 with a seed within r of the detector edge)  |meas-G| median 0.0000 p95 0.0000 max 0.000
   MISS V1 vs G: raw seed >1px 106/144 (73.61%)  refined >1px 0/144 (0.00%; 0 with a seed within r of the detector edge)  |meas-G| median 0.0000 p95 0.0000 max 0.000
   MISS V2 vs G: raw seed >1px 96/144 (66.67%)  refined >1px 0/144 (0.00%; 0 with a seed within r of the detector edge)  |meas-G| median 0.0000 p95 0.0015 max 0.004
   MISSPY V0 vs PY (py4DSTEM single pass 1.2r from the Gaussian seed; the 2026-09-05 recorded definition): >1px 0/144 (0.00%)
   MISSPY V1 vs PY (py4DSTEM single pass 1.2r from the Gaussian seed; the 2026-09-05 recorded definition): >1px 0/144 (0.00%)
   MISSPY V2 vs PY (py4DSTEM single pass 1.2r from the Gaussian seed; the 2026-09-05 recorded definition): >1px 0/144 (0.00%)
   DMEAS V1-V0: median 0.0000 p95 0.0000 max 0.000  >0.1px 0  >1px 0
   DMEAS V2-V0: median 0.0000 p95 0.0015 max 0.004  >0.1px 0  >1px 0
   DMEAS G-V0: median 0.0000 p95 0.0000 max 0.000  >0.1px 0  >1px 0
   FIT V0: fullScanRMS 0.0018 (gate r 6.9294, PASS)  keptRMS 0.0018  excluded 0.0000  mean fitted (32.0000, 32.0000)
   FIT V1: fullScanRMS 0.0018 (gate r 6.9294, PASS)  keptRMS 0.0018  excluded 0.0000  mean fitted (32.0000, 32.0000)
   FIT V2: fullScanRMS 0.0017 (gate r 6.9294, PASS)  keptRMS 0.0017  excluded 0.0000  mean fitted (32.0000, 32.0000)
   FIT G: fullScanRMS 0.0018 (gate r 6.9294, PASS)  keptRMS 0.0018  excluded 0.0000  mean fitted (32.0000, 32.0000)
   DFIT V1-V0: fitted-origin |d| median 0.0000 p95 0.0000 max 0.0000  scan-mean shift (0.0000, 0.0000)
   DFIT V2-V0: fitted-origin |d| median 0.0002 p95 0.0006 max 0.0008  scan-mean shift (0.0000, 0.0000)
   DFIT G-V0: fitted-origin |d| median 0.0000 p95 0.0000 max 0.0000  scan-mean shift (0.0000, 0.0000)
peak phys_footprint 93 MB
=== WS2  scan 128x128  det 128x128  path /4DSTEM/datacube/data
   r 1.8584  bin 2  V1 half-width 2 (side 5)  V2 half-width 3 (side 7)  stats pass 0.9s
   total 5.0s  peak footprint 1355 MB  G CPU 0.4s (24.7 us/pattern all cores)  tile 42 rows x 128 = 5376 patterns
   TIME us/pattern  coarse-only: V0 1.103  V1 7.931 (7.19x)  V2 6.296 (5.71x) | whole kernel: V0 1.212  V1 6.347 (5.24x)  V2 6.597 (5.44x)
   MISS V0 vs G: raw seed >1px 0/16384 (0.00%)  refined >1px 0/16384 (0.00%; 0 with a seed within r of the detector edge)  |meas-G| median 0.0000 p95 0.0000 max 0.000
   MISS V1 vs G: raw seed >1px 0/16384 (0.00%)  refined >1px 0/16384 (0.00%; 0 with a seed within r of the detector edge)  |meas-G| median 0.0000 p95 0.0000 max 0.000
   MISS V2 vs G: raw seed >1px 12247/16384 (74.75%)  refined >1px 0/16384 (0.00%; 0 with a seed within r of the detector edge)  |meas-G| median 0.0000 p95 0.0000 max 0.000
   MISSPY V0 vs PY (py4DSTEM single pass 1.2r from the Gaussian seed; the 2026-09-05 recorded definition): >1px 0/16384 (0.00%)
   MISSPY V1 vs PY (py4DSTEM single pass 1.2r from the Gaussian seed; the 2026-09-05 recorded definition): >1px 0/16384 (0.00%)
   MISSPY V2 vs PY (py4DSTEM single pass 1.2r from the Gaussian seed; the 2026-09-05 recorded definition): >1px 0/16384 (0.00%)
   DMEAS V1-V0: median 0.0000 p95 0.0000 max 0.000  >0.1px 0  >1px 0
   DMEAS V2-V0: median 0.0000 p95 0.0000 max 0.000  >0.1px 0  >1px 0
   DMEAS G-V0: median 0.0000 p95 0.0000 max 0.000  >0.1px 0  >1px 0
   FIT V0: fullScanRMS 0.0014 (gate r 1.8584, PASS)  keptRMS 0.0000  excluded 0.1534  mean fitted (63.7463, 63.7463)
   FIT V1: fullScanRMS 0.0014 (gate r 1.8584, PASS)  keptRMS 0.0000  excluded 0.1534  mean fitted (63.7463, 63.7463)
   FIT V2: fullScanRMS 0.0014 (gate r 1.8584, PASS)  keptRMS 0.0000  excluded 0.1534  mean fitted (63.7463, 63.7463)
   FIT G: fullScanRMS 0.0014 (gate r 1.8584, PASS)  keptRMS 0.0000  excluded 0.1534  mean fitted (63.7463, 63.7463)
   DFIT V1-V0: fitted-origin |d| median 0.0000 p95 0.0000 max 0.0000  scan-mean shift (0.0000, 0.0000)
   DFIT V2-V0: fitted-origin |d| median 0.0000 p95 0.0000 max 0.0000  scan-mean shift (0.0000, 0.0000)
   DFIT G-V0: fitted-origin |d| median 0.0000 p95 0.0000 max 0.0000  scan-mean shift (0.0000, 0.0000)
peak phys_footprint 1354 MB
=== SiSiGe_exp  scan 50x200  det 128x128  path /4DSTEM_experiment/data/datacubes/datacube_0/data
   r 3.7383  bin 4  V1 half-width 4 (side 9)  V2 half-width 6 (side 13)  stats pass 1.0s
   total 4.4s  peak footprint 1043 MB  G CPU 0.2s (18.1 us/pattern all cores)  tile 27 rows x 200 = 5400 patterns
   TIME us/pattern  coarse-only: V0 1.295  V1 3.560 (2.75x)  V2 6.864 (5.30x) | whole kernel: V0 1.356  V1 7.193 (5.30x)  V2 6.713 (4.95x)
   MISS V0 vs G: raw seed >1px 7669/10000 (76.69%)  refined >1px 1860/10000 (18.60%; 0 with a seed within r of the detector edge)  |meas-G| median 0.0000 p95 24.0625 max 31.365
   MISS V1 vs G: raw seed >1px 3904/10000 (39.04%)  refined >1px 241/10000 (2.41%; 0 with a seed within r of the detector edge)  |meas-G| median 0.0000 p95 0.0000 max 31.078
   MISS V2 vs G: raw seed >1px 9891/10000 (98.91%)  refined >1px 1628/10000 (16.28%; 0 with a seed within r of the detector edge)  |meas-G| median 0.0000 p95 23.8752 max 31.078
   MISSPY V0 vs PY (py4DSTEM single pass 1.2r from the Gaussian seed; the 2026-09-05 recorded definition): >1px 1860/10000 (18.60%)
   MISSPY V1 vs PY (py4DSTEM single pass 1.2r from the Gaussian seed; the 2026-09-05 recorded definition): >1px 241/10000 (2.41%)
   MISSPY V2 vs PY (py4DSTEM single pass 1.2r from the Gaussian seed; the 2026-09-05 recorded definition): >1px 1628/10000 (16.28%)
   DMEAS V1-V0: median 0.0000 p95 16.2587 max 31.365  >0.1px 1859  >1px 1857
   DMEAS V2-V0: median 0.0000 p95 24.5201 max 31.365  >0.1px 2487  >1px 2485
   DMEAS G-V0: median 0.0000 p95 24.0625 max 31.365  >0.1px 1863  >1px 1860
   FIT V0: fullScanRMS 9.7202 (gate r 3.7383, BLOCK)  keptRMS 7.3080  excluded 0.1000  mean fitted (69.3133, 54.5009)
   FIT V1: fullScanRMS 9.5496 (gate r 3.7383, BLOCK)  keptRMS 7.7941  excluded 0.0722  mean fitted (69.9647, 56.3205)
   FIT V2: fullScanRMS 9.8427 (gate r 3.7383, BLOCK)  keptRMS 9.3815  excluded 0.0216  mean fitted (70.4903, 58.7565)
   FIT G: fullScanRMS 9.8147 (gate r 3.7383, BLOCK)  keptRMS 7.9364  excluded 0.0753  mean fitted (70.2034, 56.3888)
   DFIT V1-V0: fitted-origin |d| median 1.9914 p95 4.4147 max 5.4881  scan-mean shift (0.6514, 1.8196)
   DFIT V2-V0: fitted-origin |d| median 4.4310 p95 7.9760 max 9.5653  scan-mean shift (1.1770, 4.2556)
   DFIT G-V0: fitted-origin |d| median 2.1055 p95 4.7724 max 5.8703  scan-mean shift (0.8901, 1.8879)
peak phys_footprint 1042 MB
=== Particle_1  scan 90x45  det 128x128  path /datacube_root/datacube/data
   r 6.1229  bin 6  V1 half-width 6 (side 13)  V2 half-width 11 (side 23)  stats pass 0.4s
   total 2.7s  peak footprint 595 MB  G CPU 0.1s (18.7 us/pattern all cores)  tile 90 rows x 45 = 4050 patterns
   TIME us/pattern  coarse-only: V0 1.795  V1 4.382 (2.44x)  V2 6.070 (3.38x) | whole kernel: V0 1.892  V1 6.595 (3.49x)  V2 6.134 (3.24x)
   MISS V0 vs G: raw seed >1px 3557/4050 (87.83%)  refined >1px 705/4050 (17.41%; 211 with a seed within r of the detector edge)  |meas-G| median 0.0226 p95 44.6157 max 121.102
   MISS V1 vs G: raw seed >1px 1295/4050 (31.98%)  refined >1px 418/4050 (10.32%; 202 with a seed within r of the detector edge)  |meas-G| median 0.0000 p95 28.1065 max 121.045
   MISS V2 vs G: raw seed >1px 2368/4050 (58.47%)  refined >1px 1283/4050 (31.68%; 216 with a seed within r of the detector edge)  |meas-G| median 0.1243 p95 33.1694 max 112.213
   MISSPY V0 vs PY (py4DSTEM single pass 1.2r from the Gaussian seed; the 2026-09-05 recorded definition): >1px 806/4050 (19.90%)
   MISSPY V1 vs PY (py4DSTEM single pass 1.2r from the Gaussian seed; the 2026-09-05 recorded definition): >1px 449/4050 (11.09%)
   MISSPY V2 vs PY (py4DSTEM single pass 1.2r from the Gaussian seed; the 2026-09-05 recorded definition): >1px 1213/4050 (29.95%)
   DMEAS V1-V0: median 0.0292 p95 38.3612 max 114.168  >0.1px 1718  >1px 732
   DMEAS V2-V0: median 0.1668 p95 39.7371 max 109.145  >0.1px 2119  >1px 1381
   DMEAS G-V0: median 0.0226 p95 44.6157 max 121.102  >0.1px 1642  >1px 705
   FIT V0: fullScanRMS 18.0587 (gate r 6.1229, BLOCK)  keptRMS 0.7833  excluded 0.2617  mean fitted (64.3633, 69.9457)
   FIT V1: fullScanRMS 15.7227 (gate r 6.1229, BLOCK)  keptRMS 0.8186  excluded 0.2351  mean fitted (64.3612, 69.9533)
   FIT V2: fullScanRMS 15.6093 (gate r 6.1229, BLOCK)  keptRMS 1.5518  excluded 0.2481  mean fitted (64.3880, 69.8892)
   FIT G: fullScanRMS 18.7270 (gate r 6.1229, BLOCK)  keptRMS 0.7767  excluded 0.2462  mean fitted (64.3707, 69.9331)
   DFIT V1-V0: fitted-origin |d| median 0.0531 p95 0.0983 max 0.1240  scan-mean shift (-0.0021, 0.0076)
   DFIT V2-V0: fitted-origin |d| median 0.0637 p95 0.1297 max 0.1550  scan-mean shift (0.0247, -0.0566)
   DFIT G-V0: fitted-origin |d| median 0.0361 p95 0.0672 max 0.0867  scan-mean shift (0.0074, -0.0126)
peak phys_footprint 594 MB
=== simAu_poly  scan 100x84  det 125x125  path /4DSTEM_simulation/4DSTEM_polyAu/data
   r 5.1173  bin 5  V1 half-width 5 (side 11)  V2 half-width 9 (side 19)  stats pass 1.1s
   total 6.2s  peak footprint 930 MB  G CPU 0.3s (33.7 us/pattern all cores)  tile 68 rows x 84 = 5712 patterns
   TIME us/pattern  coarse-only: V0 2.798  V1 8.259 (2.95x)  V2 8.308 (2.97x) | whole kernel: V0 4.066  V1 8.414 (2.07x)  V2 8.171 (2.01x)
   MISS V0 vs G: raw seed >1px 7804/8400 (92.90%)  refined >1px 1/8400 (0.01%; 0 with a seed within r of the detector edge)  |meas-G| median 0.0000 p95 0.0074 max 24.903
   MISS V1 vs G: raw seed >1px 132/8400 (1.57%)  refined >1px 0/8400 (0.00%; 0 with a seed within r of the detector edge)  |meas-G| median 0.0000 p95 0.0000 max 0.052
   MISS V2 vs G: raw seed >1px 1524/8400 (18.14%)  refined >1px 0/8400 (0.00%; 0 with a seed within r of the detector edge)  |meas-G| median 0.0000 p95 0.0041 max 0.052
   MISSPY V0 vs PY (py4DSTEM single pass 1.2r from the Gaussian seed; the 2026-09-05 recorded definition): >1px 1/8400 (0.01%)
   MISSPY V1 vs PY (py4DSTEM single pass 1.2r from the Gaussian seed; the 2026-09-05 recorded definition): >1px 0/8400 (0.00%)
   MISSPY V2 vs PY (py4DSTEM single pass 1.2r from the Gaussian seed; the 2026-09-05 recorded definition): >1px 0/8400 (0.00%)
   DMEAS V1-V0: median 0.0000 p95 0.0075 max 24.903  >0.1px 1  >1px 1
   DMEAS V2-V0: median 0.0000 p95 0.0075 max 24.903  >0.1px 1  >1px 1
   DMEAS G-V0: median 0.0000 p95 0.0074 max 24.903  >0.1px 1  >1px 1
   FIT V0: fullScanRMS 0.5158 (gate r 5.1173, PASS)  keptRMS 0.4167  excluded 0.0151  mean fitted (63.2747, 63.4770)
   FIT V1: fullScanRMS 0.4367 (gate r 5.1173, PASS)  keptRMS 0.4165  excluded 0.0149  mean fitted (63.2750, 63.4775)
   FIT V2: fullScanRMS 0.4366 (gate r 5.1173, PASS)  keptRMS 0.4166  excluded 0.0148  mean fitted (63.2749, 63.4775)
   FIT G: fullScanRMS 0.4369 (gate r 5.1173, PASS)  keptRMS 0.4170  excluded 0.0146  mean fitted (63.2748, 63.4776)
   DFIT V1-V0: fitted-origin |d| median 0.0005 p95 0.0008 max 0.0009  scan-mean shift (0.0002, 0.0005)
   DFIT V2-V0: fitted-origin |d| median 0.0005 p95 0.0008 max 0.0009  scan-mean shift (0.0002, 0.0005)
   DFIT G-V0: fitted-origin |d| median 0.0006 p95 0.0009 max 0.0009  scan-mean shift (0.0001, 0.0006)
peak phys_footprint 930 MB
=== simAu_nano  scan 100x84  det 125x125  path /4DSTEM_simulation/4DSTEM_AuNanoplatelet/data
   r 5.1133  bin 5  V1 half-width 5 (side 11)  V2 half-width 9 (side 19)  stats pass 1.0s
   total 5.5s  peak footprint 930 MB  G CPU 0.2s (18.3 us/pattern all cores)  tile 68 rows x 84 = 5712 patterns
   TIME us/pattern  coarse-only: V0 2.792  V1 5.846 (2.09x)  V2 8.199 (2.94x) | whole kernel: V0 2.903  V1 8.530 (2.94x)  V2 8.511 (2.93x)
   MISS V0 vs G: raw seed >1px 8084/8400 (96.24%)  refined >1px 1/8400 (0.01%; 0 with a seed within r of the detector edge)  |meas-G| median 0.0000 p95 0.0102 max 24.696
   MISS V1 vs G: raw seed >1px 52/8400 (0.62%)  refined >1px 0/8400 (0.00%; 0 with a seed within r of the detector edge)  |meas-G| median 0.0000 p95 0.0000 max 0.058
   MISS V2 vs G: raw seed >1px 3927/8400 (46.75%)  refined >1px 0/8400 (0.00%; 0 with a seed within r of the detector edge)  |meas-G| median 0.0000 p95 0.0056 max 0.058
   MISSPY V0 vs PY (py4DSTEM single pass 1.2r from the Gaussian seed; the 2026-09-05 recorded definition): >1px 1/8400 (0.01%)
   MISSPY V1 vs PY (py4DSTEM single pass 1.2r from the Gaussian seed; the 2026-09-05 recorded definition): >1px 0/8400 (0.00%)
   MISSPY V2 vs PY (py4DSTEM single pass 1.2r from the Gaussian seed; the 2026-09-05 recorded definition): >1px 0/8400 (0.00%)
   DMEAS V1-V0: median 0.0000 p95 0.0111 max 24.696  >0.1px 1  >1px 1
   DMEAS V2-V0: median 0.0000 p95 0.0110 max 24.733  >0.1px 1  >1px 1
   DMEAS G-V0: median 0.0000 p95 0.0102 max 24.696  >0.1px 1  >1px 1
   FIT V0: fullScanRMS 0.3050 (gate r 5.1133, PASS)  keptRMS 0.0823  excluded 0.1061  mean fitted (63.2717, 63.4829)
   FIT V1: fullScanRMS 0.1402 (gate r 5.1133, PASS)  keptRMS 0.0818  excluded 0.1068  mean fitted (63.2722, 63.4835)
   FIT V2: fullScanRMS 0.1402 (gate r 5.1133, PASS)  keptRMS 0.0817  excluded 0.1071  mean fitted (63.2722, 63.4834)
   FIT G: fullScanRMS 0.1409 (gate r 5.1133, PASS)  keptRMS 0.0820  excluded 0.1068  mean fitted (63.2723, 63.4834)
   DFIT V1-V0: fitted-origin |d| median 0.0007 p95 0.0014 max 0.0017  scan-mean shift (0.0005, 0.0005)
   DFIT V2-V0: fitted-origin |d| median 0.0007 p95 0.0014 max 0.0016  scan-mean shift (0.0006, 0.0005)
   DFIT G-V0: fitted-origin |d| median 0.0008 p95 0.0014 max 0.0016  scan-mean shift (0.0006, 0.0005)
peak phys_footprint 930 MB
=== bullseye_polyAu  scan 100x84  det 250x250  path /4DSTEM_experiment/data/datacubes/polyAu_4DSTEM/data
   r 6.8429  bin 7  V1 half-width 7 (side 15)  V2 half-width 12 (side 25)  stats pass 2.0s
   total 10.0s  peak footprint 1451 MB  G CPU 1.2s (144.0 us/pattern all cores)  tile 17 rows x 84 = 1428 patterns
   TIME us/pattern  coarse-only: V0 8.899  V1 38.399 (4.31x)  V2 37.225 (4.18x) | whole kernel: V0 10.085  V1 39.468 (3.91x)  V2 39.517 (3.92x)
   MISS V0 vs G: raw seed >1px 7696/8400 (91.62%)  refined >1px 7611/8400 (90.61%; 0 with a seed within r of the detector edge)  |meas-G| median 4.0226 p95 7.2035 max 8.750
   MISS V1 vs G: raw seed >1px 468/8400 (5.57%)  refined >1px 2438/8400 (29.02%; 0 with a seed within r of the detector edge)  |meas-G| median 0.0000 p95 5.4514 max 7.171
   MISS V2 vs G: raw seed >1px 2177/8400 (25.92%)  refined >1px 5968/8400 (71.05%; 0 with a seed within r of the detector edge)  |meas-G| median 3.9611 p95 6.7611 max 8.139
   MISSPY V0 vs PY (py4DSTEM single pass 1.2r from the Gaussian seed; the 2026-09-05 recorded definition): >1px 8394/8400 (99.93%)
   MISSPY V1 vs PY (py4DSTEM single pass 1.2r from the Gaussian seed; the 2026-09-05 recorded definition): >1px 7983/8400 (95.04%)
   MISSPY V2 vs PY (py4DSTEM single pass 1.2r from the Gaussian seed; the 2026-09-05 recorded definition): >1px 8083/8400 (96.23%)
   DMEAS V1-V0: median 3.9030 p95 7.3705 max 9.029  >0.1px 8269  >1px 7452
   DMEAS V2-V0: median 4.6284 p95 7.3152 max 8.464  >0.1px 8363  >1px 7817
   DMEAS G-V0: median 4.0226 p95 7.2035 max 8.750  >0.1px 8299  >1px 7611
   FIT V0: fullScanRMS 3.2614 (gate r 6.8429, PASS)  keptRMS 3.1443  excluded 0.0150  mean fitted (125.9882, 125.7908)
   FIT V1: fullScanRMS 3.6590 (gate r 6.8429, PASS)  keptRMS 3.6581  excluded 0.0002  mean fitted (127.1455, 127.4056)
   FIT V2: fullScanRMS 3.0839 (gate r 6.8429, PASS)  keptRMS 3.0825  excluded 0.0005  mean fitted (127.0314, 127.4248)
   FIT G: fullScanRMS 3.4985 (gate r 6.8429, PASS)  keptRMS 3.4981  excluded 0.0001  mean fitted (127.1293, 127.4169)
   DFIT V1-V0: fitted-origin |d| median 2.3293 p95 3.6482 max 4.1324  scan-mean shift (1.1573, 1.6148)
   DFIT V2-V0: fitted-origin |d| median 2.2775 p95 3.6971 max 4.1296  scan-mean shift (1.0431, 1.6340)
   DFIT G-V0: fitted-origin |d| median 2.3395 p95 3.6974 max 4.1849  scan-mean shift (1.1411, 1.6261)
peak phys_footprint 1450 MB
=== bullseye_sim  scan 100x84  det 250x250  path /4DSTEM_experiment/data/datacubes/simulation_4DSTEM/data
   r 6.7815  bin 7  V1 half-width 7 (side 15)  V2 half-width 12 (side 25)  stats pass 2.0s
   total 9.9s  peak footprint 1427 MB  G CPU 1.1s (135.9 us/pattern all cores)  tile 17 rows x 84 = 1428 patterns
   TIME us/pattern  coarse-only: V0 8.908  V1 37.979 (4.26x)  V2 38.269 (4.30x) | whole kernel: V0 10.123  V1 38.969 (3.85x)  V2 39.263 (3.88x)
   MISS V0 vs G: raw seed >1px 7864/8400 (93.62%)  refined >1px 8014/8400 (95.40%; 0 with a seed within r of the detector edge)  |meas-G| median 4.4239 p95 7.3374 max 8.396
   MISS V1 vs G: raw seed >1px 250/8400 (2.98%)  refined >1px 1444/8400 (17.19%; 0 with a seed within r of the detector edge)  |meas-G| median 0.0000 p95 5.2121 max 7.407
   MISS V2 vs G: raw seed >1px 3690/8400 (43.93%)  refined >1px 6969/8400 (82.96%; 0 with a seed within r of the detector edge)  |meas-G| median 4.1940 p95 7.0461 max 7.773
   MISSPY V0 vs PY (py4DSTEM single pass 1.2r from the Gaussian seed; the 2026-09-05 recorded definition): >1px 8400/8400 (100.00%)
   MISSPY V1 vs PY (py4DSTEM single pass 1.2r from the Gaussian seed; the 2026-09-05 recorded definition): >1px 8155/8400 (97.08%)
   MISSPY V2 vs PY (py4DSTEM single pass 1.2r from the Gaussian seed; the 2026-09-05 recorded definition): >1px 8345/8400 (99.35%)
   DMEAS V1-V0: median 4.3363 p95 7.4836 max 8.559  >0.1px 8388  >1px 7956
   DMEAS V2-V0: median 5.0357 p95 7.6152 max 8.268  >0.1px 8270  >1px 7641
   DMEAS G-V0: median 4.4239 p95 7.3374 max 8.396  >0.1px 8393  >1px 8014
   FIT V0: fullScanRMS 2.7286 (gate r 6.7815, PASS)  keptRMS 2.5738  excluded 0.0176  mean fitted (125.8188, 125.5412)
   FIT V1: fullScanRMS 3.2679 (gate r 6.7815, PASS)  keptRMS 3.2649  excluded 0.0010  mean fitted (127.1478, 127.4580)
   FIT V2: fullScanRMS 3.5899 (gate r 6.7815, PASS)  keptRMS 3.5894  excluded 0.0004  mean fitted (127.0442, 127.4871)
   FIT G: fullScanRMS 3.1686 (gate r 6.7815, PASS)  keptRMS 3.1670  excluded 0.0005  mean fitted (127.1396, 127.4665)
   DFIT V1-V0: fitted-origin |d| median 2.8274 p95 4.6392 max 5.4931  scan-mean shift (1.3290, 1.9168)
   DFIT V2-V0: fitted-origin |d| median 2.8510 p95 4.2899 max 4.9168  scan-mean shift (1.2254, 1.9459)
   DFIT G-V0: fitted-origin |d| median 2.8154 p95 4.5750 max 5.3744  scan-mean shift (1.3208, 1.9253)
peak phys_footprint 1427 MB
=== SiSiGe_cal  scan 77x17  det 448x480  path /datacube_root/datacube/data
   r 3.6933  bin 4  V1 half-width 4 (side 9)  V2 half-width 6 (side 13)  stats pass 0.7s
   total 14.0s  peak footprint 1350 MB  G CPU 0.3s (236.4 us/pattern all cores)  tile 24 rows x 17 = 408 patterns
   TIME us/pattern  coarse-only: V0 63.421  V1 318.397 (5.02x)  V2 322.603 (5.09x) | whole kernel: V0 63.746  V1 320.793 (5.03x)  V2 323.899 (5.08x)
   MISS V0 vs G: raw seed >1px 1309/1309 (100.00%)  refined >1px 0/1309 (0.00%; 0 with a seed within r of the detector edge)  |meas-G| median 0.0000 p95 0.0055 max 0.018
   MISS V1 vs G: raw seed >1px 0/1309 (0.00%)  refined >1px 0/1309 (0.00%; 0 with a seed within r of the detector edge)  |meas-G| median 0.0000 p95 0.0000 max 0.017
   MISS V2 vs G: raw seed >1px 30/1309 (2.29%)  refined >1px 0/1309 (0.00%; 0 with a seed within r of the detector edge)  |meas-G| median 0.0000 p95 0.0042 max 0.011
   MISSPY V0 vs PY (py4DSTEM single pass 1.2r from the Gaussian seed; the 2026-09-05 recorded definition): >1px 0/1309 (0.00%)
   MISSPY V1 vs PY (py4DSTEM single pass 1.2r from the Gaussian seed; the 2026-09-05 recorded definition): >1px 0/1309 (0.00%)
   MISSPY V2 vs PY (py4DSTEM single pass 1.2r from the Gaussian seed; the 2026-09-05 recorded definition): >1px 0/1309 (0.00%)
   DMEAS V1-V0: median 0.0000 p95 0.0056 max 0.018  >0.1px 0  >1px 0
   DMEAS V2-V0: median 0.0000 p95 0.0057 max 0.018  >0.1px 0  >1px 0
   DMEAS G-V0: median 0.0000 p95 0.0055 max 0.018  >0.1px 0  >1px 0
   FIT V0: fullScanRMS 0.1866 (gate r 3.6933, PASS)  keptRMS 0.0879  excluded 0.1574  mean fitted (243.3575, 226.7754)
   FIT V1: fullScanRMS 0.1865 (gate r 3.6933, PASS)  keptRMS 0.0881  excluded 0.1574  mean fitted (243.3576, 226.7758)
   FIT V2: fullScanRMS 0.1868 (gate r 3.6933, PASS)  keptRMS 0.0882  excluded 0.1574  mean fitted (243.3578, 226.7758)
   FIT G: fullScanRMS 0.1868 (gate r 3.6933, PASS)  keptRMS 0.0884  excluded 0.1566  mean fitted (243.3575, 226.7757)
   DFIT V1-V0: fitted-origin |d| median 0.0005 p95 0.0006 max 0.0006  scan-mean shift (0.0001, 0.0004)
   DFIT V2-V0: fitted-origin |d| median 0.0006 p95 0.0006 max 0.0006  scan-mean shift (0.0003, 0.0005)
   DFIT G-V0: fitted-origin |d| median 0.0002 p95 0.0005 max 0.0006  scan-mean shift (0.0000, 0.0003)
peak phys_footprint 1349 MB
=== Au_ref  scan 205x310  det 64x64  path /dm_dataset_root/dm_dataset/data
   r 8.0556  bin 8  V1 half-width 8 (side 17)  V2 half-width 14 (side 29)  stats pass 0.7s
   total 4.6s  peak footprint 1421 MB  G CPU 0.5s (8.4 us/pattern all cores)  tile 70 rows x 310 = 21700 patterns
   TIME us/pattern  coarse-only: V0 0.385  V1 1.238 (3.21x)  V2 1.162 (3.02x) | whole kernel: V0 0.520  V1 1.752 (3.37x)  V2 1.493 (2.87x)
   MISS V0 vs G: raw seed >1px 62121/63550 (97.75%)  refined >1px 35338/63550 (55.61%; 2407 with a seed within r of the detector edge)  |meas-G| median 1.1676 p95 25.5846 max 67.995
   MISS V1 vs G: raw seed >1px 45797/63550 (72.06%)  refined >1px 12989/63550 (20.44%; 1327 with a seed within r of the detector edge)  |meas-G| median 0.1849 p95 14.5611 max 68.646
   MISS V2 vs G: raw seed >1px 50783/63550 (79.91%)  refined >1px 34721/63550 (54.64%; 2520 with a seed within r of the detector edge)  |meas-G| median 1.4316 p95 19.9037 max 53.821
   MISSPY V0 vs PY (py4DSTEM single pass 1.2r from the Gaussian seed; the 2026-09-05 recorded definition): >1px 41859/63550 (65.87%)
   MISSPY V1 vs PY (py4DSTEM single pass 1.2r from the Gaussian seed; the 2026-09-05 recorded definition): >1px 20331/63550 (31.99%)
   MISSPY V2 vs PY (py4DSTEM single pass 1.2r from the Gaussian seed; the 2026-09-05 recorded definition): >1px 36015/63550 (56.67%)
   DMEAS V1-V0: median 1.2118 p95 24.8480 max 63.968  >0.1px 49567  >1px 36812
   DMEAS V2-V0: median 5.7058 p95 21.7208 max 48.487  >0.1px 60664  >1px 53869
   DMEAS G-V0: median 1.1676 p95 25.5846 max 67.995  >0.1px 45710  >1px 35338
   FIT V0: fullScanRMS 13.5488 (gate r 8.0556, BLOCK)  keptRMS 13.5478  excluded 0.0000  mean fitted (33.5278, 29.8363)
   FIT V1: fullScanRMS 12.0899 (gate r 8.0556, BLOCK)  keptRMS 12.0899  excluded 0.0000  mean fitted (33.7078, 29.4351)
   FIT V2: fullScanRMS 7.0870 (gate r 8.0556, PASS)  keptRMS 6.9790  excluded 0.0040  mean fitted (33.9636, 29.3447)
   FIT G: fullScanRMS 12.2768 (gate r 8.0556, BLOCK)  keptRMS 12.2608  excluded 0.0002  mean fitted (33.8351, 29.5087)
   DFIT V1-V0: fitted-origin |d| median 0.4894 p95 0.5845 max 0.6507  scan-mean shift (0.1800, -0.4012)
   DFIT V2-V0: fitted-origin |d| median 0.6869 p95 0.9396 max 1.0149  scan-mean shift (0.4358, -0.4916)
   DFIT G-V0: fitted-origin |d| median 0.4540 p95 0.5588 max 0.6103  scan-mean shift (0.3073, -0.3276)
peak phys_footprint 1420 MB
=== AlMgSi_060  scan 330x330  det 64x64  path /dm_dataset_root/dm_dataset/data
   r 2.5403  bin 3  V1 half-width 3 (side 7)  V2 half-width 4 (side 9)  stats pass 1.0s
   total 5.3s  peak footprint 1458 MB  G CPU 0.8s (6.9 us/pattern all cores)  tile 66 rows x 330 = 21780 patterns
   TIME us/pattern  coarse-only: V0 0.306  V1 0.858 (2.80x)  V2 1.236 (4.04x) | whole kernel: V0 0.331  V1 1.321 (3.99x)  V2 1.439 (4.35x)
   MISS V0 vs G: raw seed >1px 108886/108900 (99.99%)  refined >1px 0/108900 (0.00%; 0 with a seed within r of the detector edge)  |meas-G| median 0.0000 p95 0.0110 max 0.041
   MISS V1 vs G: raw seed >1px 0/108900 (0.00%)  refined >1px 0/108900 (0.00%; 0 with a seed within r of the detector edge)  |meas-G| median 0.0000 p95 0.0000 max 0.023
   MISS V2 vs G: raw seed >1px 0/108900 (0.00%)  refined >1px 0/108900 (0.00%; 0 with a seed within r of the detector edge)  |meas-G| median 0.0000 p95 0.0000 max 0.030
   MISSPY V0 vs PY (py4DSTEM single pass 1.2r from the Gaussian seed; the 2026-09-05 recorded definition): >1px 0/108900 (0.00%)
   MISSPY V1 vs PY (py4DSTEM single pass 1.2r from the Gaussian seed; the 2026-09-05 recorded definition): >1px 0/108900 (0.00%)
   MISSPY V2 vs PY (py4DSTEM single pass 1.2r from the Gaussian seed; the 2026-09-05 recorded definition): >1px 0/108900 (0.00%)
   DMEAS V1-V0: median 0.0000 p95 0.0110 max 0.041  >0.1px 0  >1px 0
   DMEAS V2-V0: median 0.0000 p95 0.0110 max 0.041  >0.1px 0  >1px 0
   DMEAS G-V0: median 0.0000 p95 0.0110 max 0.041  >0.1px 0  >1px 0
   FIT V0: fullScanRMS 0.0571 (gate r 2.5403, PASS)  keptRMS 0.0496  excluded 0.0370  mean fitted (31.8027, 31.7954)
   FIT V1: fullScanRMS 0.0578 (gate r 2.5403, PASS)  keptRMS 0.0504  excluded 0.0356  mean fitted (31.8052, 31.7960)
   FIT V2: fullScanRMS 0.0578 (gate r 2.5403, PASS)  keptRMS 0.0504  excluded 0.0358  mean fitted (31.8052, 31.7960)
   FIT G: fullScanRMS 0.0578 (gate r 2.5403, PASS)  keptRMS 0.0504  excluded 0.0356  mean fitted (31.8052, 31.7960)
   DFIT V1-V0: fitted-origin |d| median 0.0014 p95 0.0030 max 0.0034  scan-mean shift (0.0026, 0.0006)
   DFIT V2-V0: fitted-origin |d| median 0.0014 p95 0.0030 max 0.0034  scan-mean shift (0.0026, 0.0006)
   DFIT G-V0: fitted-origin |d| median 0.0014 p95 0.0030 max 0.0034  scan-mean shift (0.0026, 0.0006)
peak phys_footprint 1458 MB
=== thronsenA  scan 171x171  det 128x128  path /Experiments/__unnamed__/data
   r 2.8352  bin 3  V1 half-width 3 (side 7)  V2 half-width 5 (side 11)  stats pass 6.1s
   total 13.3s  peak footprint 1279 MB  G CPU 0.7s (24.3 us/pattern all cores)  tile 31 rows x 171 = 5301 patterns
   TIME us/pattern  coarse-only: V0 1.276  V1 7.289 (5.71x)  V2 6.915 (5.42x) | whole kernel: V0 1.540  V1 6.765 (4.39x)  V2 6.676 (4.33x)
   MISS V0 vs G: raw seed >1px 1/29241 (0.00%)  refined >1px 0/29241 (0.00%; 0 with a seed within r of the detector edge)  |meas-G| median 0.0000 p95 0.0000 max 0.017
   MISS V1 vs G: raw seed >1px 1/29241 (0.00%)  refined >1px 0/29241 (0.00%; 0 with a seed within r of the detector edge)  |meas-G| median 0.0000 p95 0.0000 max 0.017
   MISS V2 vs G: raw seed >1px 10/29241 (0.03%)  refined >1px 0/29241 (0.00%; 0 with a seed within r of the detector edge)  |meas-G| median 0.0000 p95 0.0000 max 0.021
   MISSPY V0 vs PY (py4DSTEM single pass 1.2r from the Gaussian seed; the 2026-09-05 recorded definition): >1px 0/29241 (0.00%)
   MISSPY V1 vs PY (py4DSTEM single pass 1.2r from the Gaussian seed; the 2026-09-05 recorded definition): >1px 0/29241 (0.00%)
   MISSPY V2 vs PY (py4DSTEM single pass 1.2r from the Gaussian seed; the 2026-09-05 recorded definition): >1px 0/29241 (0.00%)
   DMEAS V1-V0: median 0.0000 p95 0.0000 max 0.000  >0.1px 0  >1px 0
   DMEAS V2-V0: median 0.0000 p95 0.0000 max 0.021  >0.1px 0  >1px 0
   DMEAS G-V0: median 0.0000 p95 0.0000 max 0.017  >0.1px 0  >1px 0
   FIT V0: fullScanRMS 0.0355 (gate r 2.8352, PASS)  keptRMS 0.0313  excluded 0.0234  mean fitted (63.7860, 63.7770)
   FIT V1: fullScanRMS 0.0355 (gate r 2.8352, PASS)  keptRMS 0.0313  excluded 0.0234  mean fitted (63.7860, 63.7770)
   FIT V2: fullScanRMS 0.0356 (gate r 2.8352, PASS)  keptRMS 0.0313  excluded 0.0238  mean fitted (63.7861, 63.7770)
   FIT G: fullScanRMS 0.0355 (gate r 2.8352, PASS)  keptRMS 0.0313  excluded 0.0234  mean fitted (63.7860, 63.7770)
   DFIT V1-V0: fitted-origin |d| median 0.0000 p95 0.0000 max 0.0000  scan-mean shift (0.0000, 0.0000)
   DFIT V2-V0: fitted-origin |d| median 0.0000 p95 0.0000 max 0.0000  scan-mean shift (0.0000, -0.0000)
   DFIT G-V0: fitted-origin |d| median 0.0000 p95 0.0000 max 0.0000  scan-mean shift (0.0000, 0.0000)
peak phys_footprint 1278 MB
=== demo_cube  scan 100x100  det 128x128  path /4DSTEM_experiment/data/datacubes/datacube_0/data
   r 2.9849  bin 3  V1 half-width 3 (side 7)  V2 half-width 5 (side 11)  stats pass 1.4s
   total 5.7s  peak footprint 1168 MB  G CPU 0.3s (25.7 us/pattern all cores)  tile 54 rows x 100 = 5400 patterns
   TIME us/pattern  coarse-only: V0 1.326  V1 7.004 (5.28x)  V2 6.744 (5.09x) | whole kernel: V0 1.591  V1 6.712 (4.22x)  V2 6.581 (4.14x)
   MISS V0 vs G: raw seed >1px 2409/10000 (24.09%)  refined >1px 0/10000 (0.00%; 0 with a seed within r of the detector edge)  |meas-G| median 0.0000 p95 0.0000 max 0.000
   MISS V1 vs G: raw seed >1px 2281/10000 (22.81%)  refined >1px 0/10000 (0.00%; 0 with a seed within r of the detector edge)  |meas-G| median 0.0000 p95 0.0000 max 0.000
   MISS V2 vs G: raw seed >1px 9261/10000 (92.61%)  refined >1px 0/10000 (0.00%; 0 with a seed within r of the detector edge)  |meas-G| median 0.0000 p95 0.0000 max 0.000
   MISSPY V0 vs PY (py4DSTEM single pass 1.2r from the Gaussian seed; the 2026-09-05 recorded definition): >1px 0/10000 (0.00%)
   MISSPY V1 vs PY (py4DSTEM single pass 1.2r from the Gaussian seed; the 2026-09-05 recorded definition): >1px 0/10000 (0.00%)
   MISSPY V2 vs PY (py4DSTEM single pass 1.2r from the Gaussian seed; the 2026-09-05 recorded definition): >1px 0/10000 (0.00%)
   DMEAS V1-V0: median 0.0000 p95 0.0000 max 0.000  >0.1px 0  >1px 0
   DMEAS V2-V0: median 0.0000 p95 0.0000 max 0.000  >0.1px 0  >1px 0
   DMEAS G-V0: median 0.0000 p95 0.0000 max 0.000  >0.1px 0  >1px 0
   FIT V0: fullScanRMS 0.0018 (gate r 2.9849, PASS)  keptRMS 0.0018  excluded 0.0060  mean fitted (63.5000, 63.5000)
   FIT V1: fullScanRMS 0.0018 (gate r 2.9849, PASS)  keptRMS 0.0018  excluded 0.0060  mean fitted (63.5000, 63.5000)
   FIT V2: fullScanRMS 0.0018 (gate r 2.9849, PASS)  keptRMS 0.0018  excluded 0.0060  mean fitted (63.5000, 63.5000)
   FIT G: fullScanRMS 0.0018 (gate r 2.9849, PASS)  keptRMS 0.0018  excluded 0.0060  mean fitted (63.5000, 63.5000)
   DFIT V1-V0: fitted-origin |d| median 0.0000 p95 0.0000 max 0.0000  scan-mean shift (0.0000, 0.0000)
   DFIT V2-V0: fitted-origin |d| median 0.0000 p95 0.0000 max 0.0000  scan-mean shift (0.0000, 0.0000)
   DFIT G-V0: fitted-origin |d| median 0.0000 p95 0.0000 max 0.0000  scan-mean shift (0.0000, 0.0000)
peak phys_footprint 1168 MB
