bank size 600 ; all in z>=x>=y>=0: True
bank nearest-neighbour spacing deg: median 1.03 max 1.43

query axis (crystal frame)                   d_proper   d_full48  #proper  #mirror
(2,1,3)  sampled triangle                       0.37°      0.37°       10        0
(1,2,3)  mirror  triangle                      10.92°      0.37°        0       10
(3,1,5)  sampled                                0.47°      0.47°        1        0
(1,3,5)  mirror                                 9.75°      0.47°        0        3
(5,2,7)  sampled                                0.51°      0.51°       10        0
(2,5,7)  mirror                                 9.47°      0.51°        0       10
(1,1,3)  edge x=y (on mirror plane)             0.51°      0.51°        1        1
(1,2,2)  S20's <122> (on {110} plane)           0.10°      0.10°        1        1

#proper = bank templates whose spot set equals the query's up to an in-plane ROTATION;
#mirror = bank templates equal to the query's MIRROR image up to a rotation.

basis(-n): e1' = -e1 ? True  e2' = e2 ? True
is -(2,1,3) a proper image of (1,2,3)? True ; is (2,1,3) itself a proper image of (1,2,3)? False

random directions: fraction whose proper orbit is farther from the bank than the 48-fold fold: 0.504
d_full48: median 0.49 max 1.02 ; d_proper on the missed half: median 4.01, 90% 8.93, max 12.29 (bank floor on the axis error)
truth axis             triangle  | forward pass (shipped): err_proper err_full  score | inverted pass (py4DSTEM corr_full_inv): err_proper err_full score
(2,1,3)                sampled   |      1.25°     1.25°  1.000 |      2.43°     2.43°  0.905
(2,1,3)                mirror    |     19.36°     2.43°  0.905 |     22.18°     1.25°  1.000
(3,1,5)                sampled   |      0.47°     0.47°  0.969 |      9.05°     9.05°  0.740
(3,1,5)                mirror    |     14.74°     5.03°  0.759 |     19.76°     0.47°  0.996
(5,2,7)                sampled   |      0.51°     0.51°  0.998 |      1.12°     1.12°  0.978
(5,2,7)                mirror    |     17.56°     1.12°  0.970 |     18.91°     0.51°  0.989
(4,1,6)                sampled   |      0.82°     0.82°  0.996 |      4.23°     4.23°  0.814
(4,1,6)                mirror    |     12.36°     4.23°  0.814 |     15.31°     0.82°  0.996
(7,3,9)                sampled   |      0.51°     0.51°  0.992 |      4.27°     4.27°  0.926
(7,3,9)                mirror    |     17.16°     4.27°  0.921 |     14.26°     0.51°  0.996

random truths, shipped forward pass, winner axis error under the proper group:
  sampled-triangle truths: n=26 median 0.64° 90% 1.29° max 1.97°  score median 0.992
  mirror-triangle  truths: n=34 median 7.28° 90% 18.97° max 21.87°  score median 0.940
