== per fixture: |measured - truth| median / max px (GPU probe; ship = the unmodified shipped kernel)
fixture                    r   win          ship          k1.5         k1.75          k2.0          k2.5          k3.0            p1           py1           p10           p30
F1_template             7.02  8.52  3.754/ 3.913  1.235/ 1.389  0.075/ 0.135  0.075/ 0.136  0.075/ 0.134  0.074/ 0.136  5.279/ 5.875  5.371/ 5.977  3.776/ 4.082  3.776/ 4.082
F2_diskonly             2.94  4.44  0.012/ 0.025  0.012/ 0.025  0.007/ 0.011  0.001/ 0.003  0.001/ 0.002  0.001/ 0.002  0.162/ 0.311  0.398/ 0.674  0.012/ 0.025  0.012/ 0.025
F2_diskonly_noisy       2.94  4.44  0.011/ 0.028  0.011/ 0.028  0.009/ 0.022  0.007/ 0.013  0.007/ 0.016  0.007/ 0.017  0.159/ 0.316  0.394/ 0.676  0.011/ 0.028  0.011/ 0.028
F2_rho10p0              6.77  8.27  5.115/ 5.993  4.921/ 4.954  2.128/ 3.619  0.011/ 0.184  0.000/ 0.001  0.001/ 0.002  3.423/ 8.437  3.270/ 8.518  5.294/ 5.440  5.294/ 5.440
F2_rho10p0_noisy        6.77  8.27  5.134/ 5.994  4.912/ 4.981  2.122/ 3.616  0.021/ 0.177  0.011/ 0.025  0.011/ 0.025  3.422/ 8.433  3.269/ 8.514  5.305/ 5.444  5.305/ 5.444
F2_rho12p0              7.19  8.69  0.922/ 9.823  6.685/ 6.743  6.164/ 6.224  0.518/ 4.446  0.000/ 0.001  0.001/ 0.002  2.089/10.899  2.089/10.899  0.056/ 9.779  0.061/ 9.779
F2_rho12p0_noisy        7.20  8.70  0.919/ 9.813  6.683/ 6.746  6.153/ 6.211  0.480/ 4.446  0.011/ 0.022  0.011/ 0.022  2.090/10.906  2.090/10.906  0.070/ 9.786  0.077/ 9.786
F2_rho6p0               5.91  7.41  0.431/ 0.594  0.014/ 0.037  0.002/ 0.006  0.001/ 0.001  0.001/ 0.001  0.001/ 0.002  1.125/ 1.545  1.281/ 1.695  0.160/ 0.286  0.155/ 0.286
F2_rho6p0_noisy         5.92  7.42  0.428/ 0.606  0.021/ 0.040  0.009/ 0.018  0.009/ 0.019  0.009/ 0.019  0.009/ 0.018  1.124/ 1.555  1.284/ 1.707  0.157/ 0.319  0.157/ 0.319
F2_rho8p5               6.55  8.05  3.924/ 4.044  2.400/ 2.940  0.021/ 0.220  0.002/ 0.003  0.000/ 0.001  0.001/ 0.002  3.094/ 5.475  3.087/ 5.494  3.974/ 4.073  3.974/ 4.073
F2_rho8p5_noisy         6.53  8.03  3.926/ 4.053  2.401/ 2.957  0.024/ 0.263  0.009/ 0.025  0.009/ 0.021  0.009/ 0.022  3.103/ 5.476  3.097/ 5.497  3.974/ 4.068  3.974/ 4.068

== twin vs GPU shipped (4 passes, floor), max |diff| px, and twin per-pass trace for F2_rho8p5 pattern 12 (centre (127.3,127.6))
  F1_template            twin-vs-GPU max |diff| 1.28e-04
  F2_diskonly            twin-vs-GPU max |diff| 5.70e-05
  F2_diskonly_noisy      twin-vs-GPU max |diff| 9.43e-06
  F2_rho10p0             twin-vs-GPU max |diff| 9.98e-05
  F2_rho10p0_noisy       twin-vs-GPU max |diff| 5.76e-05
  F2_rho12p0             twin-vs-GPU max |diff| 1.04e-04
  F2_rho12p0_noisy       twin-vs-GPU max |diff| 3.86e-05
  F2_rho6p0              twin-vs-GPU max |diff| 8.15e-05
  F2_rho6p0_noisy        twin-vs-GPU max |diff| 7.91e-05
  F2_rho8p5              twin-vs-GPU max |diff| 9.40e-05
  F2_rho8p5_noisy        twin-vs-GPU max |diff| 5.34e-05
  trace F2_rho8p5 #12 truth [127.3 127.6] block seed (129.0,129.0) win 8.046
    passes  0: (129.000,129.000) err 2.202
    passes  1: (129.660,129.542) err 3.056
    passes  2: (130.008,129.934) err 3.575
    passes  3: (130.242,129.996) err 3.794
    passes  4: (130.349,130.069) err 3.923
    passes  6: (130.363,130.181) err 4.006
    passes 10: (130.304,130.286) err 4.029
    passes 30: (130.304,130.286) err 4.029

== gain d(new centre)/d(offset) at truth, ONE pass, seeds = truth +-0.25 px (GPU; gain = (c(+d)-c(-d))/(2 d)), median over patterns
fixture                    k=1.2     k=1.5     k=2.0     k=3.0
F1_template                1.740     0.468     0.010     0.021
F2_diskonly                0.174     0.174     0.019     0.020
F2_diskonly_noisy          0.174     0.174     0.019     0.019
F2_rho10p0                 1.699     2.084     0.141     0.017
F2_rho10p0_noisy           1.704     2.096     0.143     0.017
F2_rho12p0                 0.501     2.781     0.622     0.016
F2_rho12p0_noisy           0.504     2.693     0.622     0.015
F2_rho6p0                  0.707     0.236     0.010     0.019
F2_rho6p0_noisy            0.737     0.237     0.010     0.019
F2_rho8p5                  2.037     1.051     0.034     0.017
F2_rho8p5_noisy            2.025     1.054     0.033     0.017

== truth as a fixed point: 4 passes at the shipped window seeded AT truth, |result - truth| median/max; and seeded truth+0.25 in x
  F1_template            from truth: 0.7321/1.8025   from truth+0.25: 1.7518/2.9890
  F2_diskonly            from truth: 0.0114/0.0252   from truth+0.25: 0.0119/0.0252
  F2_diskonly_noisy      from truth: 0.0110/0.0284   from truth+0.25: 0.0110/0.0317
  F2_rho10p0             from truth: 0.5699/1.0741   from truth+0.25: 1.7940/2.3987
  F2_rho10p0_noisy       from truth: 0.5319/1.1648   from truth+0.25: 1.8901/2.4338
  F2_rho12p0             from truth: 0.0309/0.0806   from truth+0.25: 0.0467/0.1147
  F2_rho12p0_noisy       from truth: 0.0355/0.0788   from truth+0.25: 0.0522/0.1215
  F2_rho6p0              from truth: 0.0749/0.1555   from truth+0.25: 0.1554/0.1834
  F2_rho6p0_noisy        from truth: 0.0773/0.1652   from truth+0.25: 0.1412/0.2050
  F2_rho8p5              from truth: 1.1360/1.5116   from truth+0.25: 2.4473/2.8637
  F2_rho8p5_noisy        from truth: 1.1185/1.5697   from truth+0.25: 2.3248/2.8753
