ram disk /dev/disk4 mounted at /Volumes/mac4dstemD
wrote /Volumes/mac4dstemD/cube.dm4
--- probe READY; yanking: hdiutil detach -force /dev/disk4
hdiutil: WARNING: 'hdiutil detach -force ...' is deprecated. Please use 'diskutil eject force ...' instead.
"disk4" ejected.
detach exit=0
--- probe exit status: 0  (138 = SIGBUS, 139 = SIGSEGV, 0 = clean)
readingOptions == alwaysMapped: true
pre-yank readPattern(0,0) OK, 16384 px, first=0.0 last=16383.0
[open] statfs(path)  OK  fsid=16777236,25 type=hfs
[open] stat(path)    OK  dev=16777236 ino=20
[open] fstatfs(fd)  OK  fsid=16777236,25 type=hfs on=/Volumes/mac4dstemD
[open] fstat(fd)    OK  dev=16777236 ino=20 nlink=1
[open] pread(fd,1B@0)        OK
[open] pread(fd,1B@30MB)     OK
[open] F_GETPATH(fd)  OK  /Volumes/mac4dstemD/cube.dm4
READY
reading pattern (0,0) ...
readPattern(0,0) THREW: cube.dm4 is no longer reachable: its disk was disconnected. Reconnect it and reopen.
reading pattern (31,31) ...
readPattern(31,31) THREW: cube.dm4 is no longer reachable: its disk was disconnected. Reconnect it and reopen.
