ram disk /dev/disk4 mounted at /Volumes/mac4dstemD
wrote /Volumes/mac4dstemD/cube.dm4
--- probe READY; yanking: hdiutil detach -force /dev/disk4
hdiutil: WARNING: 'hdiutil detach -force ...' is deprecated. Please use 'diskutil eject force ...' instead.
"disk4" ejected.
detach exit=0
ram disk /dev/disk4 mounted at /Volumes/mac4dstemD
wrote /Volumes/mac4dstemD/cube.dm4
--- same volume name and path back: -rw-r--r--@ 1 paullobpreis  staff  33554757 Oct  4 12:17 /Volumes/mac4dstemD/cube.dm4
--- probe exit status: 138  (138 = SIGBUS, 139 = SIGSEGV, 0 = clean)
readingOptions == alwaysMapped: true
pre-yank readPattern(0,0) OK, 16384 px, first=0.0 last=16383.0
[open] statfs(path)  OK  fsid=16777236,25 type=hfs
[open] stat(path)    OK  dev=16777236 ino=20
[open] fstatfs(fd)  OK  fsid=16777236,25 type=hfs on=/Volumes/mac4dstemD
[open] fstat(fd)    OK  dev=16777236 ino=20 nlink=1
[open] pread(fd,1B@0)        OK
[open] pread(fd,1B@30MB)     OK
[open] F_GETPATH(fd)  OK  /Volumes/mac4dstemD/cube.dm4
READY
[after-yank] statfs(path)  FAIL errno=2 (No such file or directory)
[after-yank] stat(path)    FAIL errno=2 (No such file or directory)
[after-yank] fstatfs(fd)  FAIL errno=45 (Operation not supported)
[after-yank] fstat(fd)    FAIL errno=9 (Bad file descriptor)
[after-yank] pread(fd,1B@0)        FAIL errno=5 (Input/output error)
[after-yank] pread(fd,1B@30MB)     FAIL errno=5 (Input/output error)
[after-yank] F_GETPATH(fd)  FAIL errno=9 (Bad file descriptor)
[after-remount] statfs(path)  OK  fsid=16777236,25 type=hfs
[after-remount] stat(path)    OK  dev=16777236 ino=20
[after-remount] fstatfs(fd)  FAIL errno=45 (Operation not supported)
[after-remount] fstat(fd)    FAIL errno=9 (Bad file descriptor)
[after-remount] pread(fd,1B@0)        FAIL errno=5 (Input/output error)
[after-remount] pread(fd,1B@30MB)     FAIL errno=5 (Input/output error)
[after-remount] F_GETPATH(fd)  FAIL errno=9 (Bad file descriptor)
reading pattern (0,0) ...
